// Vitest Snapshot v1

exports[`snapshot > snapshot matches with default UnseenSetDropdown 1`] = `
"<div><select class=\\"p-2 bg-white border-2 disabled:bg-slate-100\\">
    <option value=\\"2\\">ğŸ‡«ğŸ‡· 999 mots les plus courants</option>
    <option value=\\"1\\">ğŸ‡«ğŸ‡· liste franÃ§ais</option>
  </select></div>"
`;
